\BOOKMARK [0][-]{chapter*.1}{\376\377\144\130\211\201}{}% 1
\BOOKMARK [0][-]{chapter.1}{\376\377\176\352\213\272}{}% 2
\BOOKMARK [1][-]{section.1.1}{\376\377\170\024\172\166\200\314\146\157\116\016\141\017\116\111}{chapter.1}% 3
\BOOKMARK [1][-]{section.1.2}{\376\377\126\375\121\205\131\026\170\024\172\166\163\260\162\266}{chapter.1}% 4
\BOOKMARK [1][-]{section.1.3}{\376\377\147\054\145\207\166\204\116\073\211\201\215\041\163\056}{chapter.1}% 5
\BOOKMARK [1][-]{section.1.4}{\376\377\213\272\145\207\176\304\176\307\176\323\147\204}{chapter.1}% 6
\BOOKMARK [0][-]{chapter.2}{\376\377\164\006\213\272\127\372\170\100}{}% 7
\BOOKMARK [1][-]{section.2.1}{\376\377\165\037\142\020\137\017\126\376\120\317\173\341\145\071\147\072\164\006}{chapter.2}% 8
\BOOKMARK [1][-]{section.2.2}{\376\377\131\032\152\041\140\001\162\171\137\201\207\215\124\010\164\006\213\272}{chapter.2}% 9
\BOOKMARK [1][-]{section.2.3}{\376\377\213\355\116\111\122\006\122\162\116\016\173\341\145\071\133\232\117\115\173\227\154\325\127\372\170\100}{chapter.2}% 10
\BOOKMARK [0][-]{chapter.3}{\376\377\227\142\124\021\131\032\156\220\117\052\220\040\166\204\000S\000S\000F\000R\162\171\137\201\147\204\136\372\116\016\145\160\143\156\155\101\213\276\213\241}{}% 11
\BOOKMARK [1][-]{section.3.1}{\376\377\217\173\221\317\176\247\162\151\164\006\123\326\213\301\162\171\137\201\143\320\123\326}{chapter.3}% 12
\BOOKMARK [1][-]{section.3.2}{\376\377\127\372\116\216\000\040\000S\000S\000I\000M\000\040\166\204\176\306\174\222\136\246\133\232\117\115\143\251\170\001\165\037\142\020\173\126\165\145}{chapter.3}% 13
\BOOKMARK [1][-]{section.3.3}{\376\377\215\350\156\220\165\037\142\020\137\017\137\000\156\220\126\376\120\317\166\204\221\307\226\306\116\016\131\004\164\006}{chapter.3}% 14
\BOOKMARK [1][-]{section.3.4}{\376\377\127\372\116\216\000\040\000D\000o\000u\000b\000a\000o\000\040\166\204\165\037\234\234\127\202\174\173\134\100\220\350\173\341\145\071\145\160\143\156\226\306\147\204\136\372}{chapter.3}% 15
\BOOKMARK [1][-]{section.3.5}{\376\377\213\255\176\303\145\160\143\156\116\016\213\304\117\060\155\113\213\325\226\306\166\204\153\143\116\244\226\224\171\273}{chapter.3}% 16
\BOOKMARK [0][-]{chapter.4}{\376\377\000L\000a\000F\000T\173\341\145\071\150\300\155\113\116\016\000S\000e\000g\000F\000o\000r\000m\000e\000r\120\317\175\040\176\247\133\232\117\115\173\227\154\325\147\266\147\204}{}% 17
\BOOKMARK [1][-]{section.4.1}{\376\377\140\073\117\123\123\314\122\006\145\057\211\343\200\046\147\266\147\204\213\276\213\241}{chapter.4}% 18
\BOOKMARK [1][-]{section.4.2}{\376\377\127\372\116\216\000L\000a\000F\000T\207\215\124\010\166\204\121\150\134\100\173\341\145\071\150\300\155\113\122\006\174\173\152\041\127\213}{chapter.4}% 19
\BOOKMARK [1][-]{section.4.3}{\376\377\133\232\117\115\122\006\122\162\122\006\145\057\147\266\147\204\116\016\150\257\136\246\136\163\210\141\173\126\165\145}{chapter.4}% 20
\BOOKMARK [0][-]{chapter.5}{\376\377\133\236\232\214\176\323\147\234\116\016\122\006\147\220}{}% 21
\BOOKMARK [1][-]{section.5.1}{\376\377\133\236\232\214\163\257\130\203\116\016\145\160\143\156\226\306\147\204\136\372}{chapter.5}% 22
\BOOKMARK [1][-]{section.5.2}{\376\377\213\304\116\367\143\007\150\007}{chapter.5}% 23
\BOOKMARK [1][-]{section.5.3}{\376\377\121\150\134\100\122\006\174\173\140\047\200\375\122\006\147\220\116\016\133\371\153\324\133\236\232\214}{chapter.5}% 24
\BOOKMARK [1][-]{section.5.4}{\376\377\120\317\175\040\176\247\133\232\117\115\133\232\140\047\116\016\133\232\221\317\122\006\147\220}{chapter.5}% 25
\BOOKMARK [1][-]{section.5.5}{\376\377\150\070\137\303\155\210\207\215\133\236\232\214}{chapter.5}% 26
\BOOKMARK [0][-]{chapter.6}{\376\377\140\073\176\323\116\016\134\125\147\033}{}% 27
\BOOKMARK [1][-]{section.6.1}{\376\377\135\345\117\134\140\073\176\323}{chapter.6}% 28
\BOOKMARK [1][-]{section.6.2}{\376\377\147\052\147\145\134\125\147\033}{chapter.6}% 29
